ERROR - 2026-04-03 13:24:13 --> Error connecting to the database: mysqli_sql_exception: Network is unreachable in /var/www/html/borne-ihm-sauvegarde/vendor/codeigniter4/framework/system/Database/MySQLi/Connection.php:201
Stack trace:
#0 /var/www/html/borne-ihm-sauvegarde/vendor/codeigniter4/framework/system/Database/MySQLi/Connection.php(201): mysqli->real_connect()
#1 /var/www/html/borne-ihm-sauvegarde/vendor/codeigniter4/framework/system/Database/BaseConnection.php(419): CodeIgniter\Database\MySQLi\Connection->connect()
#2 /var/www/html/borne-ihm-sauvegarde/vendor/codeigniter4/framework/system/Database/BaseConnection.php(614): CodeIgniter\Database\BaseConnection->initialize()
#3 /var/www/html/borne-ihm-sauvegarde/vendor/codeigniter4/framework/system/Database/BaseBuilder.php(1649): CodeIgniter\Database\BaseConnection->query()
#4 /var/www/html/borne-ihm-sauvegarde/app/Controllers/Home.php(94): CodeIgniter\Database\BaseBuilder->get()
#5 /var/www/html/borne-ihm-sauvegarde/vendor/codeigniter4/framework/system/CodeIgniter.php(933): App\Controllers\Home->verifier_scan()
#6 /var/www/html/borne-ihm-sauvegarde/vendor/codeigniter4/framework/system/CodeIgniter.php(507): CodeIgniter\CodeIgniter->runController()
#7 /var/www/html/borne-ihm-sauvegarde/vendor/codeigniter4/framework/system/CodeIgniter.php(354): CodeIgniter\CodeIgniter->handleRequest()
#8 /var/www/html/borne-ihm-sauvegarde/vendor/codeigniter4/framework/system/Boot.php(363): CodeIgniter\CodeIgniter->run()
#9 /var/www/html/borne-ihm-sauvegarde/vendor/codeigniter4/framework/system/Boot.php(68): CodeIgniter\Boot::runCodeIgniter()
#10 /var/www/html/borne-ihm-sauvegarde/public/index.php(59): CodeIgniter\Boot::bootWeb()
#11 {main}

Next CodeIgniter\Database\Exceptions\DatabaseException: Network is unreachable in /var/www/html/borne-ihm-sauvegarde/vendor/codeigniter4/framework/system/Database/MySQLi/Connection.php:246
Stack trace:
#0 /var/www/html/borne-ihm-sauvegarde/vendor/codeigniter4/framework/system/Database/BaseConnection.php(419): CodeIgniter\Database\MySQLi\Connection->connect()
#1 /var/www/html/borne-ihm-sauvegarde/vendor/codeigniter4/framework/system/Database/BaseConnection.php(614): CodeIgniter\Database\BaseConnection->initialize()
#2 /var/www/html/borne-ihm-sauvegarde/vendor/codeigniter4/framework/system/Database/BaseBuilder.php(1649): CodeIgniter\Database\BaseConnection->query()
#3 /var/www/html/borne-ihm-sauvegarde/app/Controllers/Home.php(94): CodeIgniter\Database\BaseBuilder->get()
#4 /var/www/html/borne-ihm-sauvegarde/vendor/codeigniter4/framework/system/CodeIgniter.php(933): App\Controllers\Home->verifier_scan()
#5 /var/www/html/borne-ihm-sauvegarde/vendor/codeigniter4/framework/system/CodeIgniter.php(507): CodeIgniter\CodeIgniter->runController()
#6 /var/www/html/borne-ihm-sauvegarde/vendor/codeigniter4/framework/system/CodeIgniter.php(354): CodeIgniter\CodeIgniter->handleRequest()
#7 /var/www/html/borne-ihm-sauvegarde/vendor/codeigniter4/framework/system/Boot.php(363): CodeIgniter\CodeIgniter->run()
#8 /var/www/html/borne-ihm-sauvegarde/vendor/codeigniter4/framework/system/Boot.php(68): CodeIgniter\Boot::runCodeIgniter()
#9 /var/www/html/borne-ihm-sauvegarde/public/index.php(59): CodeIgniter\Boot::bootWeb()
#10 {main}
CRITICAL - 2026-04-03 13:24:13 --> CodeIgniter\Database\Exceptions\DatabaseException: Unable to connect to the database.
Main connection [MySQLi]: Network is unreachable
[Method: POST, Route: borne/verifier_scan]
in SYSTEMPATH/Database/BaseConnection.php on line 465.
 1 SYSTEMPATH/Database/BaseConnection.php(614): CodeIgniter\Database\BaseConnection->initialize()
 2 SYSTEMPATH/Database/BaseBuilder.php(1649): CodeIgniter\Database\BaseConnection->query()
 3 APPPATH/Controllers/Home.php(94): CodeIgniter\Database\BaseBuilder->get()
 4 SYSTEMPATH/CodeIgniter.php(933): App\Controllers\Home->verifier_scan()
 5 SYSTEMPATH/CodeIgniter.php(507): CodeIgniter\CodeIgniter->runController()
 6 SYSTEMPATH/CodeIgniter.php(354): CodeIgniter\CodeIgniter->handleRequest()
 7 SYSTEMPATH/Boot.php(363): CodeIgniter\CodeIgniter->run()
 8 SYSTEMPATH/Boot.php(68): CodeIgniter\Boot::runCodeIgniter()
 9 FCPATH/index.php(59): CodeIgniter\Boot::bootWeb()
ERROR - 2026-04-03 13:25:44 --> Error connecting to the database: mysqli_sql_exception: Network is unreachable in /var/www/html/borne-ihm-sauvegarde/vendor/codeigniter4/framework/system/Database/MySQLi/Connection.php:201
Stack trace:
#0 /var/www/html/borne-ihm-sauvegarde/vendor/codeigniter4/framework/system/Database/MySQLi/Connection.php(201): mysqli->real_connect()
#1 /var/www/html/borne-ihm-sauvegarde/vendor/codeigniter4/framework/system/Database/BaseConnection.php(419): CodeIgniter\Database\MySQLi\Connection->connect()
#2 /var/www/html/borne-ihm-sauvegarde/vendor/codeigniter4/framework/system/Database/BaseConnection.php(614): CodeIgniter\Database\BaseConnection->initialize()
#3 /var/www/html/borne-ihm-sauvegarde/vendor/codeigniter4/framework/system/Database/BaseBuilder.php(1649): CodeIgniter\Database\BaseConnection->query()
#4 /var/www/html/borne-ihm-sauvegarde/app/Controllers/Home.php(94): CodeIgniter\Database\BaseBuilder->get()
#5 /var/www/html/borne-ihm-sauvegarde/vendor/codeigniter4/framework/system/CodeIgniter.php(933): App\Controllers\Home->verifier_scan()
#6 /var/www/html/borne-ihm-sauvegarde/vendor/codeigniter4/framework/system/CodeIgniter.php(507): CodeIgniter\CodeIgniter->runController()
#7 /var/www/html/borne-ihm-sauvegarde/vendor/codeigniter4/framework/system/CodeIgniter.php(354): CodeIgniter\CodeIgniter->handleRequest()
#8 /var/www/html/borne-ihm-sauvegarde/vendor/codeigniter4/framework/system/Boot.php(363): CodeIgniter\CodeIgniter->run()
#9 /var/www/html/borne-ihm-sauvegarde/vendor/codeigniter4/framework/system/Boot.php(68): CodeIgniter\Boot::runCodeIgniter()
#10 /var/www/html/borne-ihm-sauvegarde/public/index.php(59): CodeIgniter\Boot::bootWeb()
#11 {main}

Next CodeIgniter\Database\Exceptions\DatabaseException: Network is unreachable in /var/www/html/borne-ihm-sauvegarde/vendor/codeigniter4/framework/system/Database/MySQLi/Connection.php:246
Stack trace:
#0 /var/www/html/borne-ihm-sauvegarde/vendor/codeigniter4/framework/system/Database/BaseConnection.php(419): CodeIgniter\Database\MySQLi\Connection->connect()
#1 /var/www/html/borne-ihm-sauvegarde/vendor/codeigniter4/framework/system/Database/BaseConnection.php(614): CodeIgniter\Database\BaseConnection->initialize()
#2 /var/www/html/borne-ihm-sauvegarde/vendor/codeigniter4/framework/system/Database/BaseBuilder.php(1649): CodeIgniter\Database\BaseConnection->query()
#3 /var/www/html/borne-ihm-sauvegarde/app/Controllers/Home.php(94): CodeIgniter\Database\BaseBuilder->get()
#4 /var/www/html/borne-ihm-sauvegarde/vendor/codeigniter4/framework/system/CodeIgniter.php(933): App\Controllers\Home->verifier_scan()
#5 /var/www/html/borne-ihm-sauvegarde/vendor/codeigniter4/framework/system/CodeIgniter.php(507): CodeIgniter\CodeIgniter->runController()
#6 /var/www/html/borne-ihm-sauvegarde/vendor/codeigniter4/framework/system/CodeIgniter.php(354): CodeIgniter\CodeIgniter->handleRequest()
#7 /var/www/html/borne-ihm-sauvegarde/vendor/codeigniter4/framework/system/Boot.php(363): CodeIgniter\CodeIgniter->run()
#8 /var/www/html/borne-ihm-sauvegarde/vendor/codeigniter4/framework/system/Boot.php(68): CodeIgniter\Boot::runCodeIgniter()
#9 /var/www/html/borne-ihm-sauvegarde/public/index.php(59): CodeIgniter\Boot::bootWeb()
#10 {main}
CRITICAL - 2026-04-03 13:25:44 --> CodeIgniter\Database\Exceptions\DatabaseException: Unable to connect to the database.
Main connection [MySQLi]: Network is unreachable
[Method: POST, Route: borne/verifier_scan]
in SYSTEMPATH/Database/BaseConnection.php on line 465.
 1 SYSTEMPATH/Database/BaseConnection.php(614): CodeIgniter\Database\BaseConnection->initialize()
 2 SYSTEMPATH/Database/BaseBuilder.php(1649): CodeIgniter\Database\BaseConnection->query()
 3 APPPATH/Controllers/Home.php(94): CodeIgniter\Database\BaseBuilder->get()
 4 SYSTEMPATH/CodeIgniter.php(933): App\Controllers\Home->verifier_scan()
 5 SYSTEMPATH/CodeIgniter.php(507): CodeIgniter\CodeIgniter->runController()
 6 SYSTEMPATH/CodeIgniter.php(354): CodeIgniter\CodeIgniter->handleRequest()
 7 SYSTEMPATH/Boot.php(363): CodeIgniter\CodeIgniter->run()
 8 SYSTEMPATH/Boot.php(68): CodeIgniter\Boot::runCodeIgniter()
 9 FCPATH/index.php(59): CodeIgniter\Boot::bootWeb()
ERROR - 2026-04-03 14:23:33 --> Error connecting to the database: mysqli_sql_exception: Network is unreachable in /var/www/html/borne-ihm-sauvegarde/vendor/codeigniter4/framework/system/Database/MySQLi/Connection.php:201
Stack trace:
#0 /var/www/html/borne-ihm-sauvegarde/vendor/codeigniter4/framework/system/Database/MySQLi/Connection.php(201): mysqli->real_connect()
#1 /var/www/html/borne-ihm-sauvegarde/vendor/codeigniter4/framework/system/Database/BaseConnection.php(419): CodeIgniter\Database\MySQLi\Connection->connect()
#2 /var/www/html/borne-ihm-sauvegarde/vendor/codeigniter4/framework/system/Database/BaseConnection.php(614): CodeIgniter\Database\BaseConnection->initialize()
#3 /var/www/html/borne-ihm-sauvegarde/vendor/codeigniter4/framework/system/Database/BaseBuilder.php(1649): CodeIgniter\Database\BaseConnection->query()
#4 /var/www/html/borne-ihm-sauvegarde/app/Controllers/Home.php(94): CodeIgniter\Database\BaseBuilder->get()
#5 /var/www/html/borne-ihm-sauvegarde/vendor/codeigniter4/framework/system/CodeIgniter.php(933): App\Controllers\Home->verifier_scan()
#6 /var/www/html/borne-ihm-sauvegarde/vendor/codeigniter4/framework/system/CodeIgniter.php(507): CodeIgniter\CodeIgniter->runController()
#7 /var/www/html/borne-ihm-sauvegarde/vendor/codeigniter4/framework/system/CodeIgniter.php(354): CodeIgniter\CodeIgniter->handleRequest()
#8 /var/www/html/borne-ihm-sauvegarde/vendor/codeigniter4/framework/system/Boot.php(363): CodeIgniter\CodeIgniter->run()
#9 /var/www/html/borne-ihm-sauvegarde/vendor/codeigniter4/framework/system/Boot.php(68): CodeIgniter\Boot::runCodeIgniter()
#10 /var/www/html/borne-ihm-sauvegarde/public/index.php(59): CodeIgniter\Boot::bootWeb()
#11 {main}

Next CodeIgniter\Database\Exceptions\DatabaseException: Network is unreachable in /var/www/html/borne-ihm-sauvegarde/vendor/codeigniter4/framework/system/Database/MySQLi/Connection.php:246
Stack trace:
#0 /var/www/html/borne-ihm-sauvegarde/vendor/codeigniter4/framework/system/Database/BaseConnection.php(419): CodeIgniter\Database\MySQLi\Connection->connect()
#1 /var/www/html/borne-ihm-sauvegarde/vendor/codeigniter4/framework/system/Database/BaseConnection.php(614): CodeIgniter\Database\BaseConnection->initialize()
#2 /var/www/html/borne-ihm-sauvegarde/vendor/codeigniter4/framework/system/Database/BaseBuilder.php(1649): CodeIgniter\Database\BaseConnection->query()
#3 /var/www/html/borne-ihm-sauvegarde/app/Controllers/Home.php(94): CodeIgniter\Database\BaseBuilder->get()
#4 /var/www/html/borne-ihm-sauvegarde/vendor/codeigniter4/framework/system/CodeIgniter.php(933): App\Controllers\Home->verifier_scan()
#5 /var/www/html/borne-ihm-sauvegarde/vendor/codeigniter4/framework/system/CodeIgniter.php(507): CodeIgniter\CodeIgniter->runController()
#6 /var/www/html/borne-ihm-sauvegarde/vendor/codeigniter4/framework/system/CodeIgniter.php(354): CodeIgniter\CodeIgniter->handleRequest()
#7 /var/www/html/borne-ihm-sauvegarde/vendor/codeigniter4/framework/system/Boot.php(363): CodeIgniter\CodeIgniter->run()
#8 /var/www/html/borne-ihm-sauvegarde/vendor/codeigniter4/framework/system/Boot.php(68): CodeIgniter\Boot::runCodeIgniter()
#9 /var/www/html/borne-ihm-sauvegarde/public/index.php(59): CodeIgniter\Boot::bootWeb()
#10 {main}
CRITICAL - 2026-04-03 14:23:33 --> CodeIgniter\Database\Exceptions\DatabaseException: Unable to connect to the database.
Main connection [MySQLi]: Network is unreachable
[Method: POST, Route: borne/verifier_scan]
in SYSTEMPATH/Database/BaseConnection.php on line 465.
 1 SYSTEMPATH/Database/BaseConnection.php(614): CodeIgniter\Database\BaseConnection->initialize()
 2 SYSTEMPATH/Database/BaseBuilder.php(1649): CodeIgniter\Database\BaseConnection->query()
 3 APPPATH/Controllers/Home.php(94): CodeIgniter\Database\BaseBuilder->get()
 4 SYSTEMPATH/CodeIgniter.php(933): App\Controllers\Home->verifier_scan()
 5 SYSTEMPATH/CodeIgniter.php(507): CodeIgniter\CodeIgniter->runController()
 6 SYSTEMPATH/CodeIgniter.php(354): CodeIgniter\CodeIgniter->handleRequest()
 7 SYSTEMPATH/Boot.php(363): CodeIgniter\CodeIgniter->run()
 8 SYSTEMPATH/Boot.php(68): CodeIgniter\Boot::runCodeIgniter()
 9 FCPATH/index.php(59): CodeIgniter\Boot::bootWeb()
DEBUG - 2026-04-03 15:27:16 --> Session: Class initialized using 'CodeIgniter\Session\Handlers\FileHandler' driver.
DEBUG - 2026-04-03 15:27:16 --> Session: Class initialized using 'CodeIgniter\Session\Handlers\FileHandler' driver.
